2026-09-12 11:14:10  transcribe     STARTED  0. Origin story.mp4
2026-09-12 11:24:56  transcribe     DONE     (10m 46s)  0. Origin story.mp4
2026-09-12 11:42:59  render_shorts  STARTED  manifest.json
2026-09-12 11:42:59  render_shorts  PROGRESS    0.0%  0/3  elapsed 0s  rendering 3 clips
2026-09-12 11:42:59  render_shorts  PROGRESS   33.3%  1/3  elapsed 0s  ETA ~0s  sh04:youtube  WisdomBit — Playing a Game WITH Life [youtube]
2026-09-12 11:43:33  render_shorts  FAILED   (35s)  1
2026-09-12 11:43:45  render_shorts  STARTED  manifest.json
2026-09-12 11:43:45  render_shorts  PROGRESS    0.0%  0/3  elapsed 0s  rendering 3 clips
2026-09-12 11:43:45  render_shorts  PROGRESS   33.3%  1/3  elapsed 0s  ETA ~0s  sh04:youtube  WisdomBit — Playing a Game WITH Life [youtube]
2026-09-12 11:44:44  render_shorts  PROGRESS   66.7%  2/3  elapsed 1m  ETA ~30s  sh04:tiktok  WisdomBit — Playing a Game WITH Life [tiktok]
2026-09-12 11:45:42  render_shorts  PROGRESS  100.0%  3/3  elapsed 1m 58s  sh04:reels  WisdomBit — Playing a Game WITH Life [reels]
2026-09-12 11:46:30  render_shorts  PROGRESS  100.0%  3/3  elapsed 2m 46s  complete
2026-09-12 11:46:30  render_shorts  DONE     (2m 46s)  manifest.json  → /home/psyfer/Desktop/workspace/projects/0. the origin story/output/plan
2026-09-12 11:46:58  render_shorts  STARTED  manifest.json
2026-09-12 11:46:58  render_shorts  PROGRESS    0.0%  0/17  elapsed 0s  rendering 17 clips
2026-09-12 11:46:58  render_shorts  PROGRESS    5.9%  1/17  elapsed 0s  ETA ~0s  ch01  From Failure to Breakthrough — The Mindset Shift
2026-09-12 11:48:14  render_shorts  STARTED  manifest.json
2026-09-12 11:48:14  render_shorts  PROGRESS    0.0%  0/15  elapsed 0s  rendering 15 clips
2026-09-12 11:48:14  render_shorts  PROGRESS    6.7%  1/15  elapsed 0s  ETA ~0s  ch01  From Failure to Breakthrough — The Mindset Shift
2026-09-12 12:04:28  render_shorts  STARTED  manifest.json
2026-09-12 12:04:28  render_shorts  PROGRESS    0.0%  0/15  elapsed 0s  rendering 15 clips
2026-09-12 12:04:28  render_shorts  PROGRESS    6.7%  1/15  elapsed 0s  ETA ~0s  ch01  From Failure to Breakthrough — The Mindset Shift
2026-09-12 12:11:38  render_shorts  STARTED  manifest.json
2026-09-12 12:11:38  render_shorts  PROGRESS    0.0%  0/15  elapsed 0s  rendering 15 clips
2026-09-12 12:11:38  render_shorts  PROGRESS    6.7%  1/15  elapsed 0s  ETA ~0s  sh01:youtube  Reaction vs Response — The Ego Check [youtube]
2026-09-12 12:11:38  render_shorts  FAILED   (0s)  name 'safe_title' is not defined
2026-09-12 12:11:55  render_shorts  STARTED  manifest.json
2026-09-12 12:11:55  render_shorts  PROGRESS    0.0%  0/15  elapsed 0s  rendering 15 clips
2026-09-12 12:11:55  render_shorts  PROGRESS    6.7%  1/15  elapsed 0s  ETA ~0s  sh01:youtube  Reaction vs Response — The Ego Check [youtube]
2026-09-12 12:11:55  render_shorts  FAILED   (0s)  Command '['ffmpeg', '-y', '-nostdin', '-hide_banner', '-loglevel', 'warning', '-ss', '340', '-i', '/home/psyfer/Desktop/workspace/projects/0. the origin story/input/0. Origin story.mp4', '-t', '32', '-vf', 'split[v1][v2];[v1]scale=ih*9/16:1920,boxblur=20:10,setsar=1[v1out];[v2]scale=1080:608,setsar=1[v2out];[v1out][v2out]overlay=(W-w)/2:(H-h)/2', '-c:v', 'libx264', '-preset', 'fast', '-c:a', 'aac', '/home/psyfer/Desktop/workspace/projects/0. the origin story/output/deliverables/youtube/.tmp/sh01_reaction-vs-response/part_00.mp4']' returned non-zero exit status 1.
2026-09-12 12:12:13  render_shorts  STARTED  manifest.json
2026-09-12 12:12:13  render_shorts  PROGRESS    0.0%  0/15  elapsed 0s  rendering 15 clips
2026-09-12 12:12:13  render_shorts  PROGRESS    6.7%  1/15  elapsed 0s  ETA ~0s  sh01:youtube  Reaction vs Response — The Ego Check [youtube]
2026-09-12 12:14:13  render_shorts  PROGRESS   13.3%  2/15  elapsed 2m  ETA ~13m 2s  sh01:tiktok  Reaction vs Response — The Ego Check [tiktok]
2026-09-12 12:16:13  render_shorts  PROGRESS   20.0%  3/15  elapsed 4m 1s  ETA ~16m 3s  sh01:reels  Reaction vs Response — The Ego Check [reels]
2026-09-12 12:18:12  render_shorts  PROGRESS   26.7%  4/15  elapsed 5m 59s  ETA ~16m 28s  sh02:youtube  Island Bum vs Owning the Island [youtube]
2026-09-12 12:20:58  render_shorts  PROGRESS   33.3%  5/15  elapsed 8m 45s  ETA ~17m 30s  sh02:tiktok  Island Bum vs Owning the Island [tiktok]
2026-09-12 12:21:58  render_shorts  STARTED  manifest.json
2026-09-12 12:21:58  render_shorts  PROGRESS    0.0%  0/15  elapsed 0s  rendering 15 clips
2026-09-12 12:21:58  render_shorts  PROGRESS    6.7%  1/15  elapsed 0s  ETA ~0s  sh01:youtube  Reaction vs Response — The Ego Check [youtube]
2026-09-12 12:23:49  render_shorts  FAILED   (1m 52s)  Command '['ffmpeg', '-y', '-nostdin', '-hide_banner', '-loglevel', 'warning', '-f', 'concat', '-safe', '0', '-i', '/home/psyfer/Desktop/workspace/projects/0. the origin story/output/deliverables/youtube/sh01_reaction-vs-response.concat.txt', '-c:v', 'libx264', '-preset', 'fast', '-c:a', 'aac', '-movflags', '+faststart', '/home/psyfer/Desktop/workspace/projects/0. the origin story/output/deliverables/youtube/sh01_reaction-vs-response.mp4']' returned non-zero exit status 1.
2026-09-12 12:26:27  render_shorts  STARTED  manifest.json
2026-09-12 12:26:27  render_shorts  PROGRESS    0.0%  0/15  elapsed 0s  rendering 15 clips
2026-09-12 12:26:27  render_shorts  PROGRESS    6.7%  1/15  elapsed 0s  ETA ~0s  sh01:youtube  Reaction vs Response — The Ego Check [youtube]
2026-09-12 12:28:16  render_shorts  STARTED  manifest.json
2026-09-12 12:28:16  render_shorts  PROGRESS    0.0%  0/15  elapsed 0s  rendering 15 clips
2026-09-12 12:28:16  render_shorts  PROGRESS    6.7%  1/15  elapsed 0s  ETA ~0s  sh01:youtube  Reaction vs Response — The Ego Check [youtube]
2026-09-12 12:28:16  render_shorts  FAILED   (1m 49s)  Command '['ffmpeg', '-y', '-nostdin', '-hide_banner', '-loglevel', 'warning', '-f', 'concat', '-safe', '0', '-i', '/home/psyfer/Desktop/workspace/projects/0. the origin story/output/deliverables/youtube/sh01_reaction-vs-response.concat.txt', '-c:v', 'libx264', '-preset', 'fast', '-c:a', 'aac', '-movflags', '+faststart', '/home/psyfer/Desktop/workspace/projects/0. the origin story/output/deliverables/youtube/sh01_reaction-vs-response.mp4']' returned non-zero exit status 1.
2026-09-12 12:30:17  render_shorts  PROGRESS   13.3%  2/15  elapsed 2m 2s  ETA ~13m 10s  sh01:tiktok  Reaction vs Response — The Ego Check [tiktok]
2026-09-12 12:32:16  render_shorts  PROGRESS   20.0%  3/15  elapsed 4m  ETA ~16m  sh01:reels  Reaction vs Response — The Ego Check [reels]
2026-09-12 12:34:15  render_shorts  PROGRESS   26.7%  4/15  elapsed 5m 59s  ETA ~16m 28s  sh02:youtube  Island Bum vs Owning the Island [youtube]
2026-09-12 12:36:58  render_shorts  PROGRESS   33.3%  5/15  elapsed 8m 43s  ETA ~17m 25s  sh02:tiktok  Island Bum vs Owning the Island [tiktok]
2026-09-12 12:39:49  render_shorts  PROGRESS   40.0%  6/15  elapsed 11m 33s  ETA ~17m 20s  sh02:reels  Island Bum vs Owning the Island [reels]
2026-09-12 12:42:47  render_shorts  PROGRESS   46.7%  7/15  elapsed 14m 31s  ETA ~16m 36s  sh03:youtube  Focus vs Tunnel Vision [youtube]
2026-09-12 12:45:27  render_shorts  STARTED  manifest.json
2026-09-12 12:45:27  render_shorts  PROGRESS    0.0%  0/15  elapsed 0s  rendering 15 clips
2026-09-12 12:45:27  render_shorts  PROGRESS    6.7%  1/15  elapsed 0s  ETA ~0s  sh01:youtube  Reaction vs Response — The Ego Check [youtube]
2026-09-12 12:48:33  render_shorts  STARTED  manifest.json
2026-09-12 12:48:33  render_shorts  PROGRESS    0.0%  0/15  elapsed 0s  rendering 15 clips
2026-09-12 12:48:33  render_shorts  PROGRESS    6.7%  1/15  elapsed 0s  ETA ~0s  sh01:youtube  Reaction vs Response — The Ego Check [youtube]
2026-09-12 12:56:46  render_shorts  STARTED  manifest.json
2026-09-12 12:56:46  render_shorts  PROGRESS    0.0%  0/15  elapsed 0s  rendering 15 clips
2026-09-12 12:56:46  render_shorts  PROGRESS    6.7%  1/15  elapsed 0s  ETA ~0s  sh01:youtube  Reaction vs Response — The Ego Check [youtube]
2026-09-12 12:56:52  render_shorts  STARTED  manifest.json
2026-09-12 12:56:52  render_shorts  PROGRESS    0.0%  0/2  elapsed 0s  rendering 2 clips
2026-09-12 12:56:52  render_shorts  PROGRESS   50.0%  1/2  elapsed 0s  ETA ~0s  ch01  From Failure to Breakthrough — The Mindset Shift
2026-09-12 13:03:05  render_shorts  PROGRESS   13.3%  2/15  elapsed 6m 19s  ETA ~41m 7s  sh01:tiktok  Reaction vs Response — The Ego Check [tiktok]
2026-09-12 13:05:41  render_shorts  PROGRESS  100.0%  2/2  elapsed 8m 49s  ch02  Self-Taught Developer to Startup Founder
2026-09-12 13:09:28  render_shorts  PROGRESS   20.0%  3/15  elapsed 12m 42s  ETA ~50m 50s  sh01:reels  Reaction vs Response — The Ego Check [reels]
2026-09-12 13:18:51  render_shorts  STARTED  manifest.json
2026-09-12 13:18:51  render_shorts  PROGRESS    0.0%  0/15  elapsed 0s  rendering 15 clips
2026-09-12 13:18:51  render_shorts  PROGRESS    6.7%  1/15  elapsed 0s  ETA ~0s  sh01:youtube  Reaction vs Response — The Ego Check [youtube]
2026-09-12 13:21:17  render_shorts  PROGRESS   13.3%  2/15  elapsed 2m 26s  ETA ~15m 49s  sh01:tiktok  Reaction vs Response — The Ego Check [tiktok]
2026-09-12 13:23:37  render_shorts  PROGRESS   20.0%  3/15  elapsed 4m 46s  ETA ~19m 3s  sh01:reels  Reaction vs Response — The Ego Check [reels]
2026-09-12 13:25:56  render_shorts  PROGRESS   26.7%  4/15  elapsed 7m 6s  ETA ~19m 30s  sh02:youtube  Island Bum vs Owning the Island [youtube]
2026-09-12 13:28:05  render_shorts  PROGRESS   33.3%  5/15  elapsed 9m 14s  ETA ~18m 29s  sh02:tiktok  Island Bum vs Owning the Island [tiktok]
2026-09-12 13:34:15  render_shorts  STARTED  manifest.json
2026-09-12 13:34:15  render_shorts  PROGRESS    0.0%  0/3  elapsed 0s  rendering 3 clips
2026-09-12 13:34:15  render_shorts  PROGRESS   33.3%  1/3  elapsed 0s  ETA ~0s  sh02:hook-first  Island Bum vs Owning the Island [hook-first]
2026-09-12 13:36:56  render_shorts  STARTED  manifest.json
2026-09-12 13:36:56  render_shorts  PROGRESS    0.0%  0/3  elapsed 0s  rendering 3 clips
2026-09-12 13:36:56  render_shorts  PROGRESS   33.3%  1/3  elapsed 0s  ETA ~0s  sh01:hook-first  Reaction vs Response — The Ego Check [hook-first]
2026-09-12 13:37:16  render_shorts  PROGRESS   66.7%  2/3  elapsed 3m 1s  ETA ~1m 31s  sh02:story-first  Island Bum vs Owning the Island [story-first]
2026-09-12 13:40:37  render_shorts  PROGRESS  100.0%  3/3  elapsed 6m 22s  sh02:contiguous  Island Bum vs Owning the Island [contiguous]
2026-09-12 13:41:24  render_shorts  PROGRESS   66.7%  2/3  elapsed 4m 27s  ETA ~2m 14s  sh01:story-first  Reaction vs Response — The Ego Check [story-first]
2026-09-12 13:42:19  render_shorts  PROGRESS  100.0%  3/3  elapsed 8m 4s  complete
2026-09-12 13:42:19  render_shorts  DONE     (8m 4s)  manifest.json  → projects/0. the origin story/output/plan
2026-09-12 13:45:12  render_shorts  PROGRESS  100.0%  3/3  elapsed 8m 15s  sh01:contiguous  Reaction vs Response — The Ego Check [contiguous]
2026-09-12 13:47:23  render_shorts  PROGRESS  100.0%  3/3  elapsed 10m 26s  complete
2026-09-12 13:47:23  render_shorts  DONE     (10m 26s)  manifest.json  → projects/0. the origin story/output/plan
2026-09-12 13:52:40  render_shorts  STARTED  manifest.json
2026-09-12 13:52:40  render_shorts  PROGRESS    0.0%  0/1  elapsed 0s  rendering 1 clips
2026-09-12 13:52:40  render_shorts  PROGRESS  100.0%  1/1  elapsed 0s  sh01:story-first  Reaction vs Response — The Ego Check [story-first]
2026-09-12 13:57:32  render_shorts  PROGRESS  100.0%  1/1  elapsed 4m 52s  complete
2026-09-12 13:57:32  render_shorts  DONE     (4m 52s)  manifest.json  → projects/0. the origin story/output/plan
2026-09-12 14:02:01  render_shorts  STARTED  manifest.json
2026-09-12 14:02:01  render_shorts  PROGRESS    0.0%  0/1  elapsed 0s  rendering 1 clips
2026-09-12 14:02:01  render_shorts  PROGRESS  100.0%  1/1  elapsed 0s  sh01:story-first  Reaction vs Response — The Ego Check [story-first]
2026-09-12 14:02:28  render_shorts  STARTED  manifest.json
2026-09-12 14:02:28  render_shorts  PROGRESS    0.0%  0/1  elapsed 0s  rendering 1 clips
2026-09-12 14:02:28  render_shorts  PROGRESS  100.0%  1/1  elapsed 0s  sh01:story-first  Reaction vs Response — The Ego Check [story-first]
2026-09-12 14:07:01  render_shorts  PROGRESS  100.0%  1/1  elapsed 4m 33s  complete
2026-09-12 14:07:01  render_shorts  DONE     (4m 33s)  manifest.json  → projects/0. the origin story/output/plan
2026-09-12 14:07:28  render_shorts  STARTED  manifest.json
2026-09-12 14:07:28  render_shorts  PROGRESS    0.0%  0/1  elapsed 0s  rendering 1 clips
2026-09-12 14:07:28  render_shorts  PROGRESS  100.0%  1/1  elapsed 0s  sh02:hook-first  Island Bum vs Owning the Island [hook-first]
2026-09-12 14:10:44  render_shorts  PROGRESS  100.0%  1/1  elapsed 3m 17s  complete
2026-09-12 14:10:44  render_shorts  DONE     (3m 17s)  manifest.json  → projects/0. the origin story/output/plan
2026-09-12 14:19:09  render_shorts  STARTED  manifest.json
2026-09-12 14:19:09  render_shorts  PROGRESS    0.0%  0/1  elapsed 0s  rendering 1 clips
2026-09-12 14:19:09  render_shorts  PROGRESS  100.0%  1/1  elapsed 0s  sh03:hook-first  Focus vs Tunnel Vision [hook-first]
2026-09-12 14:21:27  render_shorts  PROGRESS  100.0%  1/1  elapsed 2m 19s  complete
2026-09-12 14:21:27  render_shorts  DONE     (2m 19s)  manifest.json  → projects/0. the origin story/output/plan
2026-09-12 14:21:35  render_shorts  STARTED  manifest.json
2026-09-12 14:21:35  render_shorts  PROGRESS    0.0%  0/1  elapsed 0s  rendering 1 clips
2026-09-12 14:21:35  render_shorts  PROGRESS  100.0%  1/1  elapsed 0s  sh03:hook-first  Focus vs Tunnel Vision [hook-first]
2026-09-12 14:23:53  render_shorts  PROGRESS  100.0%  1/1  elapsed 2m 18s  complete
2026-09-12 14:23:53  render_shorts  DONE     (2m 18s)  manifest.json  → projects/0. the origin story/output/plan
2026-09-12 14:33:46  render_shorts  STARTED  manifest.json
2026-09-12 14:33:46  render_shorts  PROGRESS    0.0%  0/1  elapsed 0s  rendering 1 clips
2026-09-12 14:33:46  render_shorts  PROGRESS  100.0%  1/1  elapsed 0s  sh03:hook-first  Focus vs Tunnel Vision [hook-first]
2026-09-12 14:35:51  render_shorts  PROGRESS  100.0%  1/1  elapsed 2m 5s  complete
2026-09-12 14:35:51  render_shorts  DONE     (2m 5s)  manifest.json  → projects/0. the origin story/output/plan
2026-09-12 14:37:20  render_shorts  STARTED  manifest.json
2026-09-12 14:37:20  render_shorts  PROGRESS    0.0%  0/1  elapsed 0s  rendering 1 clips
2026-09-12 14:37:20  render_shorts  PROGRESS  100.0%  1/1  elapsed 0s  sh03:hook-first  Focus vs Tunnel Vision [hook-first]
2026-09-12 14:39:22  render_shorts  PROGRESS  100.0%  1/1  elapsed 2m 2s  complete
2026-09-12 14:39:22  render_shorts  DONE     (2m 2s)  manifest.json  → projects/0. the origin story/output/plan
2026-09-12 14:43:30  render_shorts  STARTED  manifest.json
2026-09-12 14:43:30  render_shorts  PROGRESS    0.0%  0/1  elapsed 0s  rendering 1 clips
2026-09-12 14:43:30  render_shorts  PROGRESS  100.0%  1/1  elapsed 0s  sh03:hook-first  Focus vs Tunnel Vision [hook-first]
2026-09-12 14:45:40  render_shorts  PROGRESS  100.0%  1/1  elapsed 2m 10s  complete
2026-09-12 14:45:40  render_shorts  DONE     (2m 10s)  manifest.json  → projects/0. the origin story/output/plan
2026-09-12 14:51:37  render_shorts  STARTED  manifest.json
2026-09-12 14:51:37  render_shorts  PROGRESS    0.0%  0/1  elapsed 0s  rendering 1 clips
2026-09-12 14:51:37  render_shorts  PROGRESS  100.0%  1/1  elapsed 0s  sh03:hook-first  Focus vs Tunnel Vision [hook-first]
2026-09-12 14:53:33  render_shorts  PROGRESS  100.0%  1/1  elapsed 1m 56s  complete
2026-09-12 14:53:33  render_shorts  DONE     (1m 56s)  manifest.json  → projects/0. the origin story/output/plan
2026-09-12 14:55:24  render_shorts  STARTED  manifest.json
2026-09-12 14:55:24  render_shorts  PROGRESS    0.0%  0/1  elapsed 0s  rendering 1 clips
2026-09-12 14:55:24  render_shorts  PROGRESS  100.0%  1/1  elapsed 0s  sh03:hook-first  Focus vs Tunnel Vision [hook-first]
2026-09-21 14:08:38  render_shorts  STARTED  manifest.json
2026-09-21 14:08:38  render_shorts  PROGRESS    0.0%  0/1  elapsed 0s  rendering 1 clips
2026-09-21 14:08:38  render_shorts  PROGRESS  100.0%  1/1  elapsed 0s  sh04:hook-first  WisdomBit — Playing a Game WITH Life [hook-first]
2026-09-21 14:10:01  render_shorts  PROGRESS  100.0%  1/1  elapsed 1m 23s  complete
2026-09-21 14:10:01  render_shorts  DONE     (1m 23s)  manifest.json  → projects/0. the origin story/output/plan
2026-09-21 14:10:01  render_shorts  STARTED  manifest.json
2026-09-21 14:10:01  render_shorts  PROGRESS    0.0%  0/1  elapsed 0s  rendering 1 clips
2026-09-21 14:10:01  render_shorts  PROGRESS  100.0%  1/1  elapsed 0s  sh05:contiguous  WisdomBit — The Moving House Phase [contiguous]
2026-09-21 14:11:20  render_shorts  PROGRESS  100.0%  1/1  elapsed 1m 19s  complete
2026-09-21 14:11:20  render_shorts  DONE     (1m 19s)  manifest.json  → projects/0. the origin story/output/plan
2026-09-21 14:11:37  render_shorts  STARTED  manifest.json
2026-09-21 14:11:37  render_shorts  PROGRESS    0.0%  0/1  elapsed 0s  rendering 1 clips
2026-09-21 14:11:37  render_shorts  PROGRESS  100.0%  1/1  elapsed 0s  ch01  From Failure to Breakthrough — The Mindset Shift
2026-09-21 14:19:40  render_shorts  PROGRESS  100.0%  1/1  elapsed 8m 3s  complete
2026-09-21 14:19:40  render_shorts  DONE     (8m 3s)  manifest.json  → projects/0. the origin story/output/plan
2026-09-21 14:19:46  render_shorts  STARTED  manifest.json
2026-09-21 14:19:46  render_shorts  PROGRESS    0.0%  0/1  elapsed 0s  rendering 1 clips
2026-09-21 14:19:46  render_shorts  PROGRESS  100.0%  1/1  elapsed 0s  ch02  Self-Taught Developer to Startup Founder
2026-09-21 14:33:42  render_shorts  PROGRESS  100.0%  1/1  elapsed 13m 56s  complete
2026-09-21 14:33:42  render_shorts  DONE     (13m 56s)  manifest.json  → projects/0. the origin story/output/plan
2026-09-21 15:54:31  render_shorts  STARTED  manifest.json
2026-09-21 15:54:31  render_shorts  PROGRESS    0.0%  0/1  elapsed 0s  rendering 1 clips
2026-09-21 15:54:31  render_shorts  PROGRESS  100.0%  1/1  elapsed 0s  sh05:contiguous  WisdomBit — The Moving House Phase [contiguous]
2026-09-21 15:56:53  render_shorts  PROGRESS  100.0%  1/1  elapsed 2m 22s  complete
2026-09-21 15:56:53  render_shorts  DONE     (2m 22s)  manifest.json  → projects/0. the origin story/output/plan
2026-09-21 16:06:17  render_shorts  STARTED  manifest.json
2026-09-21 16:06:17  render_shorts  PROGRESS    0.0%  0/1  elapsed 0s  rendering 1 clips
2026-09-21 16:06:17  render_shorts  PROGRESS  100.0%  1/1  elapsed 0s  sh05:contiguous  WisdomBit — The Moving House Phase [contiguous]
2026-09-21 16:08:17  render_shorts  PROGRESS  100.0%  1/1  elapsed 2m 1s  complete
2026-09-21 16:08:17  render_shorts  DONE     (2m 1s)  manifest.json  → projects/0. the origin story/output/plan
