# Hikmat pipeline timing log
# Plain-text — tail -f this file during long runs
# JSON totals: pipeline.log.json

2026-09-02 01:07:00  discover       DONE     11 MP4s + 2 JPGs found
2026-09-02 01:39:00  concat         FAILED   (32m)  stream-copy HEVC — missing sections
2026-09-02 02:10:00  concat         START    mode=full, 11 clips — full re-encode
2026-09-02 02:25:09  concat         DONE     (14m 44s)  11 clips, 610s → output/hikmat/hikmat_timeline_normalized.mp4
2026-09-02 18:02:01  plan_shorts    DONE     11 shorts (9 montages + 2 single) → manifest.json
2026-09-02 18:02:01  render_shorts  START    rendering 11 draft 9:16 clips
2026-09-02 18:09:39  render_shorts  DONE     (7m 44s)  11 shorts → output/hikmat/shorts/
2026-09-02 18:02:01  plan_shorts    DONE     11 shorts: 9 montages + 2 single-clip  → output/hikmat/manifest.json
2026-09-02 18:02:01  render_shorts  STARTED  rendering 11 draft shorts
2026-09-02 18:09:54  render_shorts  DONE     11 draft shorts rendered  → output/hikmat/shorts/
2026-09-02 19:38:52  render_shorts  PROGRESS   33.3%  3/9  elapsed 0s  ETA ~0s  sh03  test tick
2026-09-02 19:54:01  render_shorts  STARTED  manifest.json
2026-09-02 19:54:01  render_shorts  PROGRESS    0.0%  0/1  elapsed 0s  rendering 1 clips
2026-09-02 19:54:01  render_shorts  PROGRESS  100.0%  1/1  elapsed 0s  sh01  Reveal-Build — full journey (YouTube)
2026-09-02 19:55:59  render_shorts  PROGRESS  100.0%  1/1  elapsed 1m 58s  complete
2026-09-02 19:55:59  render_shorts  DONE     (1m 58s)  manifest.json  → output/hikmat
2026-09-02 19:56:05  render_shorts  STARTED  manifest.json
2026-09-02 19:56:05  render_shorts  PROGRESS    0.0%  0/1  elapsed 0s  rendering 1 clips
2026-09-02 19:56:05  render_shorts  PROGRESS  100.0%  1/1  elapsed 0s  sh02  Reveal-Build — full journey (TikTok)
2026-09-02 19:59:26  render_shorts  STARTED  manifest.json
2026-09-02 19:59:26  render_shorts  PROGRESS    0.0%  0/5  elapsed 0s  rendering 5 clips
2026-09-02 19:59:26  render_shorts  PROGRESS   20.0%  1/5  elapsed 0s  ETA ~0s  yt_full  Reveal-Build
2026-09-02 20:00:43  render_shorts  PROGRESS   40.0%  2/5  elapsed 1m 16s  ETA ~1m 55s  tiktok_full  Reveal-Build
2026-09-02 20:01:37  render_shorts  PROGRESS   60.0%  3/5  elapsed 2m 11s  ETA ~1m 27s  reels_full  Reveal-Build
2026-09-02 20:02:51  render_shorts  PROGRESS   80.0%  4/5  elapsed 3m 24s  ETA ~51s  single_05  Long session — clip 5
2026-09-02 20:03:26  render_shorts  PROGRESS  100.0%  5/5  elapsed 4m  single_11  Final session — clip 11
2026-09-02 20:03:44  render_shorts  PROGRESS  100.0%  5/5  elapsed 4m 18s  complete
2026-09-02 20:03:44  render_shorts  DONE     (4m 18s)  manifest.json  → output/hikmat
